// Vitest Snapshot v1, https://vitest.dev/guide/snapshot.html

exports[`NoteList > renders with given props 1`] = `
<div>
  <div
    class="p-2 my-4"
  >
    <custom-notes-table
      tabledata="[object Object]"
      tableheaders="Note,Time,Area,Location"
    />
  </div>
</div>
`;
